https://github.com/NSO-developer/nso-examples/tree/6.6
https://github.com/NSO-developer/nso-examples/tree/6.6/aaa/ipc
https://github.com/NSO-developer/nso-examples/tree/6.6/aaa/ssh-keys
https://github.com/NSO-developer/nso-examples/tree/6.6/common/event_notifications.py
https://github.com/NSO-developer/nso-examples/tree/6.6/device-management
https://github.com/NSO-developer/nso-examples/tree/6.6/device-management/aggregated-stats
https://github.com/NSO-developer/nso-examples/tree/6.6/device-management/cli-ned
https://github.com/NSO-developer/nso-examples/tree/6.6/device-management/generic-xmlrpc-ned
https://github.com/NSO-developer/nso-examples/tree/6.6/device-management/ned-migration
https://github.com/NSO-developer/nso-examples/tree/6.6/device-management/ned-yang-revision
https://github.com/NSO-developer/nso-examples/tree/6.6/device-management/netconf-call-home
https://github.com/NSO-developer/nso-examples/tree/6.6/device-management/netconf-ned
https://github.com/NSO-developer/nso-examples/tree/6.6/device-management/real-device-cisco-ios
https://github.com/NSO-developer/nso-examples/tree/6.6/device-management/real-device-juniper
https://github.com/NSO-developer/nso-examples/tree/6.6/device-management/router-network
https://github.com/NSO-developer/nso-examples/tree/6.6/device-management/simulated-devices
https://github.com/NSO-developer/nso-examples/tree/6.6/device-management/snmp-ned
https://github.com/NSO-developer/nso-examples/tree/6.6/device-management/snmp-notification-receiver
https://github.com/NSO-developer/nso-examples/tree/6.6/device-management/web-server-basic
https://github.com/NSO-developer/nso-examples/tree/6.6/getting-started/applications-nso
https://github.com/NSO-developer/nso-examples/tree/6.6/getting-started/basic-automation
https://github.com/NSO-developer/nso-examples/tree/6.6/getting-started/cdb-yang
https://github.com/NSO-developer/nso-examples/tree/6.6/getting-started/develop-service
https://github.com/NSO-developer/nso-examples/tree/6.6/getting-started/develop-service/init
https://github.com/NSO-developer/nso-examples/tree/6.6/getting-started/netsim-sshkey
https://github.com/NSO-developer/nso-examples/tree/6.6/high-availability
https://github.com/NSO-developer/nso-examples/tree/6.6/high-availability/hcc
https://github.com/NSO-developer/nso-examples/tree/6.6/high-availability/load-balancer
https://github.com/NSO-developer/nso-examples/tree/6.6/high-availability/raft-cluster
https://github.com/NSO-developer/nso-examples/tree/6.6/high-availability/upgrade-basic
https://github.com/NSO-developer/nso-examples/tree/6.6/high-availability/upgrade-cluster
https://github.com/NSO-developer/nso-examples/tree/6.6/high-availability/upgrade-cluster/upgrade_pkgs_sys.sh
https://github.com/NSO-developer/nso-examples/tree/6.6/layered-services-architecture
https://github.com/NSO-developer/nso-examples/tree/6.6/layered-services-architecture/lsa-multi-version-deployment
https://github.com/NSO-developer/nso-examples/tree/6.6/layered-services-architecture/lsa-scaling
https://github.com/NSO-developer/nso-examples/tree/6.6/layered-services-architecture/lsa-single-version-deployment
https://github.com/NSO-developer/nso-examples/tree/6.6/layered-services-architecture/mpls-vpn-lsa
https://github.com/NSO-developer/nso-examples/tree/6.6/misc/periodic-compaction
https://github.com/NSO-developer/nso-examples/tree/6.6/misc/py-package-deps
https://github.com/NSO-developer/nso-examples/tree/6.6/nano-services
https://github.com/NSO-developer/nso-examples/tree/6.6/nano-services/basic-vrouter
https://github.com/NSO-developer/nso-examples/tree/6.6/nano-services/link-migration
https://github.com/NSO-developer/nso-examples/tree/6.6/nano-services/netsim-vrouter
https://github.com/NSO-developer/nso-examples/tree/6.6/northbound-interfaces/snmp-alarm
https://github.com/NSO-developer/nso-examples/tree/6.6/scaling-performance/conflict-retry
https://github.com/NSO-developer/nso-examples/tree/6.6/scaling-performance/perf-bulkcreate
https://github.com/NSO-developer/nso-examples/tree/6.6/scaling-performance/perf-lsa
https://github.com/NSO-developer/nso-examples/tree/6.6/scaling-performance/perf-stack
https://github.com/NSO-developer/nso-examples/tree/6.6/scaling-performance/perf-trans
https://github.com/NSO-developer/nso-examples/tree/6.6/sdk-api
https://github.com/NSO-developer/nso-examples/tree/6.6/sdk-api/action-abort-py
https://github.com/NSO-developer/nso-examples/tree/6.6/sdk-api/actions-java
https://github.com/NSO-developer/nso-examples/tree/6.6/sdk-api/actions-py
https://github.com/NSO-developer/nso-examples/tree/6.6/sdk-api/cdb-java
https://github.com/NSO-developer/nso-examples/tree/6.6/sdk-api/cdb-py
https://github.com/NSO-developer/nso-examples/tree/6.6/sdk-api/event-notifications
https://github.com/NSO-developer/nso-examples/tree/6.6/sdk-api/external-db
https://github.com/NSO-developer/nso-examples/tree/6.6/sdk-api/external-encryption-keys
https://github.com/NSO-developer/nso-examples/tree/6.6/sdk-api/maapi-commit-parameters
https://github.com/NSO-developer/nso-examples/tree/6.6/sdk-api/scripting
https://github.com/NSO-developer/nso-examples/tree/6.6/service-management/confirm-network-state
https://github.com/NSO-developer/nso-examples/tree/6.6/service-management/discovery
https://github.com/NSO-developer/nso-examples/tree/6.6/service-management/iface-postmod-java
https://github.com/NSO-developer/nso-examples/tree/6.6/service-management/iface-postmod-py
https://github.com/NSO-developer/nso-examples/tree/6.6/service-management/implement-a-service/dns-v1
https://github.com/NSO-developer/nso-examples/tree/6.6/service-management/implement-a-service/dns-v2
https://github.com/NSO-developer/nso-examples/tree/6.6/service-management/implement-a-service/dns-v2.1
https://github.com/NSO-developer/nso-examples/tree/6.6/service-management/implement-a-service/dns-v3
https://github.com/NSO-developer/nso-examples/tree/6.6/service-management/implement-a-service/iface-v1
https://github.com/NSO-developer/nso-examples/tree/6.6/service-management/implement-a-service/iface-v2-java
https://github.com/NSO-developer/nso-examples/tree/6.6/service-management/implement-a-service/iface-v2-py
https://github.com/NSO-developer/nso-examples/tree/6.6/service-management/implement-a-service/iface-v3
https://github.com/NSO-developer/nso-examples/tree/6.6/service-management/implement-a-service/iface-v4-java
https://github.com/NSO-developer/nso-examples/tree/6.6/service-management/implement-a-service/iface-v4-py
https://github.com/NSO-developer/nso-examples/tree/6.6/service-management/implement-a-service/iface-v5-java
https://github.com/NSO-developer/nso-examples/tree/6.6/service-management/implement-a-service/iface-v5-py
https://github.com/NSO-developer/nso-examples/tree/6.6/service-management/mpls-vpn-java
https://github.com/NSO-developer/nso-examples/tree/6.6/service-management/mpls-vpn-python
https://github.com/NSO-developer/nso-examples/tree/6.6/service-management/mpls-vpn-simple
https://github.com/NSO-developer/nso-examples/tree/6.6/service-management/rfs-service
https://github.com/NSO-developer/nso-examples/tree/6.6/service-management/rfs-service-erlang
https://github.com/NSO-developer/nso-examples/tree/6.6/service-management/shared-delete
https://github.com/NSO-developer/nso-examples/tree/6.6/service-management/upgrade-service
https://github.com/NSO-developer/nso-examples/tree/6.6/service-management/website-service
